[     114ms] [ERROR] Failed to load resource: the server responded with a status of 404 (Not Found) @ http://localhost:2142/Component-preload.js:0
[     120ms] [ERROR] Failed to load resource: the server responded with a status of 404 (Not Found) @ http://localhost:2142/Component-preload.js:0
[     120ms] [ERROR] 2026-09-23 09:35:50.359199 failed to load JavaScript resource: genai/rag/app/Component-preload.js -  sap.ui.ModuleSystem @ https://sapui5.hana.ondemand.com/resources/sap-ui-core.js:46
[   26197ms] [ERROR] Failed to load resource: the server responded with a status of 404 (Not Found) @ http://localhost:2142/favicon.ico:0
[   26283ms] [ERROR] Failed to load resource: the server responded with a status of 404 (Not Found) @ http://localhost:2142/Component-preload.js:0
[   26287ms] [ERROR] Failed to load resource: the server responded with a status of 404 (Not Found) @ http://localhost:2142/Component-preload.js:0
[   26287ms] [ERROR] 2026-09-23 09:36:16.525799 failed to load JavaScript resource: genai/rag/app/Component-preload.js -  sap.ui.ModuleSystem @ https://sapui5.hana.ondemand.com/resources/sap-ui-core.js:46
[   65210ms] [ERROR] Failed to load resource: the server responded with a status of 404 (Not Found) @ http://localhost:2142/favicon.ico:0
[   65300ms] [ERROR] Failed to load resource: the server responded with a status of 404 (Not Found) @ http://localhost:2142/Component-preload.js:0
[   65305ms] [ERROR] Failed to load resource: the server responded with a status of 404 (Not Found) @ http://localhost:2142/Component-preload.js:0
[   65305ms] [ERROR] 2026-09-23 09:36:55.544099 failed to load JavaScript resource: genai/rag/app/Component-preload.js -  sap.ui.ModuleSystem @ https://sapui5.hana.ondemand.com/resources/sap-ui-core.js:46
[   76334ms] [ERROR] Failed to load resource: the server responded with a status of 404 (Not Found) @ http://localhost:2142/favicon.ico:0
[   76425ms] [ERROR] Failed to load resource: the server responded with a status of 404 (Not Found) @ http://localhost:2142/Component-preload.js:0
[   76429ms] [ERROR] Failed to load resource: the server responded with a status of 404 (Not Found) @ http://localhost:2142/Component-preload.js:0
[   76429ms] [ERROR] 2026-09-23 09:37:06.667599 failed to load JavaScript resource: genai/rag/app/Component-preload.js -  sap.ui.ModuleSystem @ https://sapui5.hana.ondemand.com/resources/sap-ui-core.js:46
[  110252ms] [ERROR] Failed to load resource: the server responded with a status of 404 (Not Found) @ http://localhost:2142/favicon.ico:0
[  110339ms] [ERROR] Failed to load resource: the server responded with a status of 404 (Not Found) @ http://localhost:2142/Component-preload.js:0
[  110344ms] [ERROR] Failed to load resource: the server responded with a status of 404 (Not Found) @ http://localhost:2142/Component-preload.js:0
[  110344ms] [ERROR] 2026-09-23 09:37:40.583200 failed to load JavaScript resource: genai/rag/app/Component-preload.js -  sap.ui.ModuleSystem @ https://sapui5.hana.ondemand.com/resources/sap-ui-core.js:46
[  224256ms] [ERROR] Failed to load resource: the server responded with a status of 404 (Not Found) @ http://localhost:2142/Component-preload.js:0
[  224261ms] [ERROR] Failed to load resource: the server responded with a status of 404 (Not Found) @ http://localhost:2142/Component-preload.js:0
[  224262ms] [ERROR] 2026-09-23 09:39:34.500800 failed to load JavaScript resource: genai/rag/app/Component-preload.js -  sap.ui.ModuleSystem @ https://sapui5.hana.ondemand.com/resources/sap-ui-core.js:46
[  233326ms] [ERROR] Failed to load documents: TypeError: Failed to fetch
    at https://sapui5.hana.ondemand.com/resources/sap-ui-core.js:1077:982
    at c._loadDocuments (http://localhost:2142/controller/Main.controller.js:41:13)
    at c.onInit (http://localhost:2142/controller/Main.controller.js:34:18)
    at c.n (https://sapui5.hana.ondemand.com/resources/sap/ui/core/library-preload.js:1105:9982)
    at r.fireEvent (https://sapui5.hana.ondemand.com/resources/sap-ui-core.js:389:2234)
    at v.fireEvent (https://sapui5.hana.ondemand.com/resources/sap-ui-core.js:512:6820)
    at c.fireAfterInit (https://sapui5.hana.ondemand.com/resources/sap-ui-core.js:422:14123)
    at j (https://sapui5.hana.ondemand.com/resources/sap-ui-core.js:416:4377)
    at $.runAsOwner (https://sapui5.hana.ondemand.com/resources/sap-ui-core.js:470:5876)
    at u (https://sapui5.hana.ondemand.com/resources/sap/ui/core/library-preload.js:1189:5142) @ http://localhost:2142/controller/Main.controller.js:46
[  236051ms] [ERROR] Failed to load resource: the server responded with a status of 404 (Not Found) @ http://localhost:2142/Component-preload.js:0
[  236055ms] [ERROR] Failed to load resource: the server responded with a status of 404 (Not Found) @ http://localhost:2142/Component-preload.js:0
[  236055ms] [ERROR] 2026-09-23 09:39:46.294299 failed to load JavaScript resource: genai/rag/app/Component-preload.js -  sap.ui.ModuleSystem @ https://sapui5.hana.ondemand.com/resources/sap-ui-core.js:46
[  236513ms] [ERROR] Failed to load resource: net::ERR_NAME_NOT_RESOLVED @ https://ac373765u01-genai-hana-rag-srv.cfapps.eu10-004.hana.ondemand.com/api/documents/Documents:0
[  236513ms] [ERROR] Failed to load documents: TypeError: Failed to fetch
    at https://sapui5.hana.ondemand.com/resources/sap-ui-core.js:1077:982
    at c._loadDocuments (http://localhost:2142/controller/Main.controller.js:41:13)
    at c.onInit (http://localhost:2142/controller/Main.controller.js:34:18)
    at c.n (https://sapui5.hana.ondemand.com/resources/sap/ui/core/library-preload.js:1105:9982)
    at r.fireEvent (https://sapui5.hana.ondemand.com/resources/sap-ui-core.js:389:2234)
    at v.fireEvent (https://sapui5.hana.ondemand.com/resources/sap-ui-core.js:512:6820)
    at c.fireAfterInit (https://sapui5.hana.ondemand.com/resources/sap-ui-core.js:422:14123)
    at j (https://sapui5.hana.ondemand.com/resources/sap-ui-core.js:416:4377)
    at $.runAsOwner (https://sapui5.hana.ondemand.com/resources/sap-ui-core.js:470:5876)
    at u (https://sapui5.hana.ondemand.com/resources/sap/ui/core/library-preload.js:1189:5142) @ http://localhost:2142/controller/Main.controller.js:46
[  241357ms] [ERROR] Failed to load resource: the server responded with a status of 404 (Not Found) @ http://localhost:2142/Component-preload.js:0
[  241363ms] [ERROR] Failed to load resource: the server responded with a status of 404 (Not Found) @ http://localhost:2142/Component-preload.js:0
[  241363ms] [ERROR] 2026-09-23 09:39:51.601800 failed to load JavaScript resource: genai/rag/app/Component-preload.js -  sap.ui.ModuleSystem @ https://sapui5.hana.ondemand.com/resources/sap-ui-core.js:46
[  245177ms] [ERROR] Failed to load documents: TypeError: Failed to fetch
    at https://sapui5.hana.ondemand.com/resources/sap-ui-core.js:1077:982
    at c._loadDocuments (http://localhost:2142/controller/Main.controller.js:41:13)
    at c.onInit (http://localhost:2142/controller/Main.controller.js:34:18)
    at c.n (https://sapui5.hana.ondemand.com/resources/sap/ui/core/library-preload.js:1105:9982)
    at r.fireEvent (https://sapui5.hana.ondemand.com/resources/sap-ui-core.js:389:2234)
    at v.fireEvent (https://sapui5.hana.ondemand.com/resources/sap-ui-core.js:512:6820)
    at c.fireAfterInit (https://sapui5.hana.ondemand.com/resources/sap-ui-core.js:422:14123)
    at j (https://sapui5.hana.ondemand.com/resources/sap-ui-core.js:416:4377)
    at $.runAsOwner (https://sapui5.hana.ondemand.com/resources/sap-ui-core.js:470:5876)
    at u (https://sapui5.hana.ondemand.com/resources/sap/ui/core/library-preload.js:1189:5142) @ http://localhost:2142/controller/Main.controller.js:46
[  245232ms] [ERROR] Failed to load resource: the server responded with a status of 404 (Not Found) @ http://localhost:2142/Component-preload.js:0
[  245237ms] [ERROR] Failed to load resource: the server responded with a status of 404 (Not Found) @ http://localhost:2142/Component-preload.js:0
[  245237ms] [ERROR] 2026-09-23 09:39:55.475800 failed to load JavaScript resource: genai/rag/app/Component-preload.js -  sap.ui.ModuleSystem @ https://sapui5.hana.ondemand.com/resources/sap-ui-core.js:46
[  246110ms] [ERROR] Failed to load documents: TypeError: Failed to fetch
    at https://sapui5.hana.ondemand.com/resources/sap-ui-core.js:1077:982
    at c._loadDocuments (http://localhost:2142/controller/Main.controller.js:41:13)
    at c.onInit (http://localhost:2142/controller/Main.controller.js:34:18)
    at c.n (https://sapui5.hana.ondemand.com/resources/sap/ui/core/library-preload.js:1105:9982)
    at r.fireEvent (https://sapui5.hana.ondemand.com/resources/sap-ui-core.js:389:2234)
    at v.fireEvent (https://sapui5.hana.ondemand.com/resources/sap-ui-core.js:512:6820)
    at c.fireAfterInit (https://sapui5.hana.ondemand.com/resources/sap-ui-core.js:422:14123)
    at j (https://sapui5.hana.ondemand.com/resources/sap-ui-core.js:416:4377)
    at $.runAsOwner (https://sapui5.hana.ondemand.com/resources/sap-ui-core.js:470:5876)
    at u (https://sapui5.hana.ondemand.com/resources/sap/ui/core/library-preload.js:1189:5142) @ http://localhost:2142/controller/Main.controller.js:46
[  246163ms] [ERROR] Failed to load resource: the server responded with a status of 404 (Not Found) @ http://localhost:2142/Component-preload.js:0
[  246168ms] [ERROR] Failed to load resource: the server responded with a status of 404 (Not Found) @ http://localhost:2142/Component-preload.js:0
[  246169ms] [ERROR] 2026-09-23 09:39:56.407400 failed to load JavaScript resource: genai/rag/app/Component-preload.js -  sap.ui.ModuleSystem @ https://sapui5.hana.ondemand.com/resources/sap-ui-core.js:46
[  246986ms] [ERROR] Failed to load documents: TypeError: Failed to fetch
    at https://sapui5.hana.ondemand.com/resources/sap-ui-core.js:1077:982
    at c._loadDocuments (http://localhost:2142/controller/Main.controller.js:41:13)
    at c.onInit (http://localhost:2142/controller/Main.controller.js:34:18)
    at c.n (https://sapui5.hana.ondemand.com/resources/sap/ui/core/library-preload.js:1105:9982)
    at r.fireEvent (https://sapui5.hana.ondemand.com/resources/sap-ui-core.js:389:2234)
    at v.fireEvent (https://sapui5.hana.ondemand.com/resources/sap-ui-core.js:512:6820)
    at c.fireAfterInit (https://sapui5.hana.ondemand.com/resources/sap-ui-core.js:422:14123)
    at j (https://sapui5.hana.ondemand.com/resources/sap-ui-core.js:416:4377)
    at $.runAsOwner (https://sapui5.hana.ondemand.com/resources/sap-ui-core.js:470:5876)
    at u (https://sapui5.hana.ondemand.com/resources/sap/ui/core/library-preload.js:1189:5142) @ http://localhost:2142/controller/Main.controller.js:46
[  247040ms] [ERROR] Failed to load resource: the server responded with a status of 404 (Not Found) @ http://localhost:2142/Component-preload.js:0
[  247045ms] [ERROR] Failed to load resource: the server responded with a status of 404 (Not Found) @ http://localhost:2142/Component-preload.js:0
[  247045ms] [ERROR] 2026-09-23 09:39:57.283800 failed to load JavaScript resource: genai/rag/app/Component-preload.js -  sap.ui.ModuleSystem @ https://sapui5.hana.ondemand.com/resources/sap-ui-core.js:46
[  247955ms] [ERROR] Failed to load documents: TypeError: Failed to fetch
    at https://sapui5.hana.ondemand.com/resources/sap-ui-core.js:1077:982
    at c._loadDocuments (http://localhost:2142/controller/Main.controller.js:41:13)
    at c.onInit (http://localhost:2142/controller/Main.controller.js:34:18)
    at c.n (https://sapui5.hana.ondemand.com/resources/sap/ui/core/library-preload.js:1105:9982)
    at r.fireEvent (https://sapui5.hana.ondemand.com/resources/sap-ui-core.js:389:2234)
    at v.fireEvent (https://sapui5.hana.ondemand.com/resources/sap-ui-core.js:512:6820)
    at c.fireAfterInit (https://sapui5.hana.ondemand.com/resources/sap-ui-core.js:422:14123)
    at j (https://sapui5.hana.ondemand.com/resources/sap-ui-core.js:416:4377)
    at $.runAsOwner (https://sapui5.hana.ondemand.com/resources/sap-ui-core.js:470:5876)
    at u (https://sapui5.hana.ondemand.com/resources/sap/ui/core/library-preload.js:1189:5142) @ http://localhost:2142/controller/Main.controller.js:46
[  248014ms] [ERROR] Failed to load resource: the server responded with a status of 404 (Not Found) @ http://localhost:2142/Component-preload.js:0
[  248019ms] [ERROR] Failed to load resource: the server responded with a status of 404 (Not Found) @ http://localhost:2142/Component-preload.js:0
[  248019ms] [ERROR] 2026-09-23 09:39:58.258000 failed to load JavaScript resource: genai/rag/app/Component-preload.js -  sap.ui.ModuleSystem @ https://sapui5.hana.ondemand.com/resources/sap-ui-core.js:46
[  253577ms] [ERROR] Failed to load resource: net::ERR_NAME_NOT_RESOLVED @ https://ac373765u01-genai-hana-rag-srv.cfapps.eu10-004.hana.ondemand.com/api/documents/Documents:0
[  253577ms] [ERROR] Failed to load documents: TypeError: Failed to fetch
    at https://sapui5.hana.ondemand.com/resources/sap-ui-core.js:1077:982
    at c._loadDocuments (http://localhost:2142/controller/Main.controller.js:41:13)
    at c.onInit (http://localhost:2142/controller/Main.controller.js:34:18)
    at c.n (https://sapui5.hana.ondemand.com/resources/sap/ui/core/library-preload.js:1105:9982)
    at r.fireEvent (https://sapui5.hana.ondemand.com/resources/sap-ui-core.js:389:2234)
    at v.fireEvent (https://sapui5.hana.ondemand.com/resources/sap-ui-core.js:512:6820)
    at c.fireAfterInit (https://sapui5.hana.ondemand.com/resources/sap-ui-core.js:422:14123)
    at j (https://sapui5.hana.ondemand.com/resources/sap-ui-core.js:416:4377)
    at $.runAsOwner (https://sapui5.hana.ondemand.com/resources/sap-ui-core.js:470:5876)
    at u (https://sapui5.hana.ondemand.com/resources/sap/ui/core/library-preload.js:1189:5142) @ http://localhost:2142/controller/Main.controller.js:46
[  289123ms] [ERROR] Failed to load resource: the server responded with a status of 404 (Not Found) @ http://localhost:2142/Component-preload.js:0
[  289128ms] [ERROR] Failed to load resource: the server responded with a status of 404 (Not Found) @ http://localhost:2142/Component-preload.js:0
[  289128ms] [ERROR] 2026-09-23 09:40:39.367399 failed to load JavaScript resource: genai/rag/app/Component-preload.js -  sap.ui.ModuleSystem @ https://sapui5.hana.ondemand.com/resources/sap-ui-core.js:46
[  290219ms] [ERROR] Failed to load documents: TypeError: Failed to fetch
    at https://sapui5.hana.ondemand.com/resources/sap-ui-core.js:1077:982
    at c._loadDocuments (http://localhost:2142/controller/Main.controller.js:41:13)
    at c.onInit (http://localhost:2142/controller/Main.controller.js:34:18)
    at c.n (https://sapui5.hana.ondemand.com/resources/sap/ui/core/library-preload.js:1105:9982)
    at r.fireEvent (https://sapui5.hana.ondemand.com/resources/sap-ui-core.js:389:2234)
    at v.fireEvent (https://sapui5.hana.ondemand.com/resources/sap-ui-core.js:512:6820)
    at c.fireAfterInit (https://sapui5.hana.ondemand.com/resources/sap-ui-core.js:422:14123)
    at j (https://sapui5.hana.ondemand.com/resources/sap-ui-core.js:416:4377)
    at $.runAsOwner (https://sapui5.hana.ondemand.com/resources/sap-ui-core.js:470:5876)
    at u (https://sapui5.hana.ondemand.com/resources/sap/ui/core/library-preload.js:1189:5142) @ http://localhost:2142/controller/Main.controller.js:46
[  290275ms] [ERROR] Failed to load resource: the server responded with a status of 404 (Not Found) @ http://localhost:2142/Component-preload.js:0
[  290280ms] [ERROR] Failed to load resource: the server responded with a status of 404 (Not Found) @ http://localhost:2142/Component-preload.js:0
[  290280ms] [ERROR] 2026-09-23 09:40:40.519200 failed to load JavaScript resource: genai/rag/app/Component-preload.js -  sap.ui.ModuleSystem @ https://sapui5.hana.ondemand.com/resources/sap-ui-core.js:46
[  291087ms] [ERROR] Failed to load documents: TypeError: Failed to fetch
    at https://sapui5.hana.ondemand.com/resources/sap-ui-core.js:1077:982
    at c._loadDocuments (http://localhost:2142/controller/Main.controller.js:41:13)
    at c.onInit (http://localhost:2142/controller/Main.controller.js:34:18)
    at c.n (https://sapui5.hana.ondemand.com/resources/sap/ui/core/library-preload.js:1105:9982)
    at r.fireEvent (https://sapui5.hana.ondemand.com/resources/sap-ui-core.js:389:2234)
    at v.fireEvent (https://sapui5.hana.ondemand.com/resources/sap-ui-core.js:512:6820)
    at c.fireAfterInit (https://sapui5.hana.ondemand.com/resources/sap-ui-core.js:422:14123)
    at j (https://sapui5.hana.ondemand.com/resources/sap-ui-core.js:416:4377)
    at $.runAsOwner (https://sapui5.hana.ondemand.com/resources/sap-ui-core.js:470:5876)
    at u (https://sapui5.hana.ondemand.com/resources/sap/ui/core/library-preload.js:1189:5142) @ http://localhost:2142/controller/Main.controller.js:46
[  291140ms] [ERROR] Failed to load resource: the server responded with a status of 404 (Not Found) @ http://localhost:2142/Component-preload.js:0
[  291146ms] [ERROR] Failed to load resource: the server responded with a status of 404 (Not Found) @ http://localhost:2142/Component-preload.js:0
[  291146ms] [ERROR] 2026-09-23 09:40:41.385299 failed to load JavaScript resource: genai/rag/app/Component-preload.js -  sap.ui.ModuleSystem @ https://sapui5.hana.ondemand.com/resources/sap-ui-core.js:46
[  293164ms] [ERROR] Failed to load documents: TypeError: Failed to fetch
    at https://sapui5.hana.ondemand.com/resources/sap-ui-core.js:1077:982
    at c._loadDocuments (http://localhost:2142/controller/Main.controller.js:41:13)
    at c.onInit (http://localhost:2142/controller/Main.controller.js:34:18)
    at c.n (https://sapui5.hana.ondemand.com/resources/sap/ui/core/library-preload.js:1105:9982)
    at r.fireEvent (https://sapui5.hana.ondemand.com/resources/sap-ui-core.js:389:2234)
    at v.fireEvent (https://sapui5.hana.ondemand.com/resources/sap-ui-core.js:512:6820)
    at c.fireAfterInit (https://sapui5.hana.ondemand.com/resources/sap-ui-core.js:422:14123)
    at j (https://sapui5.hana.ondemand.com/resources/sap-ui-core.js:416:4377)
    at $.runAsOwner (https://sapui5.hana.ondemand.com/resources/sap-ui-core.js:470:5876)
    at u (https://sapui5.hana.ondemand.com/resources/sap/ui/core/library-preload.js:1189:5142) @ http://localhost:2142/controller/Main.controller.js:46
[  296924ms] [ERROR] Failed to load resource: the server responded with a status of 404 (Not Found) @ http://localhost:2142/Component-preload.js:0
[  296929ms] [ERROR] Failed to load resource: the server responded with a status of 404 (Not Found) @ http://localhost:2142/Component-preload.js:0
[  296929ms] [ERROR] 2026-09-23 09:40:47.168100 failed to load JavaScript resource: genai/rag/app/Component-preload.js -  sap.ui.ModuleSystem @ https://sapui5.hana.ondemand.com/resources/sap-ui-core.js:46
[  299825ms] [ERROR] Failed to load documents: TypeError: Failed to fetch
    at https://sapui5.hana.ondemand.com/resources/sap-ui-core.js:1077:982
    at c._loadDocuments (http://localhost:2142/controller/Main.controller.js:41:13)
    at c.onInit (http://localhost:2142/controller/Main.controller.js:34:18)
    at c.n (https://sapui5.hana.ondemand.com/resources/sap/ui/core/library-preload.js:1105:9982)
    at r.fireEvent (https://sapui5.hana.ondemand.com/resources/sap-ui-core.js:389:2234)
    at v.fireEvent (https://sapui5.hana.ondemand.com/resources/sap-ui-core.js:512:6820)
    at c.fireAfterInit (https://sapui5.hana.ondemand.com/resources/sap-ui-core.js:422:14123)
    at j (https://sapui5.hana.ondemand.com/resources/sap-ui-core.js:416:4377)
    at $.runAsOwner (https://sapui5.hana.ondemand.com/resources/sap-ui-core.js:470:5876)
    at u (https://sapui5.hana.ondemand.com/resources/sap/ui/core/library-preload.js:1189:5142) @ http://localhost:2142/controller/Main.controller.js:46
[  299878ms] [ERROR] Failed to load resource: the server responded with a status of 404 (Not Found) @ http://localhost:2142/Component-preload.js:0
[  299883ms] [ERROR] Failed to load resource: the server responded with a status of 404 (Not Found) @ http://localhost:2142/Component-preload.js:0
[  299883ms] [ERROR] 2026-09-23 09:40:50.122400 failed to load JavaScript resource: genai/rag/app/Component-preload.js -  sap.ui.ModuleSystem @ https://sapui5.hana.ondemand.com/resources/sap-ui-core.js:46
[  301353ms] [ERROR] Failed to load resource: net::ERR_NAME_NOT_RESOLVED @ https://ac373765u01-genai-hana-rag-srv.cfapps.eu10-004.hana.ondemand.com/api/documents/Documents:0
[  301353ms] [ERROR] Failed to load documents: TypeError: Failed to fetch
    at https://sapui5.hana.ondemand.com/resources/sap-ui-core.js:1077:982
    at c._loadDocuments (http://localhost:2142/controller/Main.controller.js:41:13)
    at c.onInit (http://localhost:2142/controller/Main.controller.js:34:18)
    at c.n (https://sapui5.hana.ondemand.com/resources/sap/ui/core/library-preload.js:1105:9982)
    at r.fireEvent (https://sapui5.hana.ondemand.com/resources/sap-ui-core.js:389:2234)
    at v.fireEvent (https://sapui5.hana.ondemand.com/resources/sap-ui-core.js:512:6820)
    at c.fireAfterInit (https://sapui5.hana.ondemand.com/resources/sap-ui-core.js:422:14123)
    at j (https://sapui5.hana.ondemand.com/resources/sap-ui-core.js:416:4377)
    at $.runAsOwner (https://sapui5.hana.ondemand.com/resources/sap-ui-core.js:470:5876)
    at u (https://sapui5.hana.ondemand.com/resources/sap/ui/core/library-preload.js:1189:5142) @ http://localhost:2142/controller/Main.controller.js:46
